<testsuites id="" name="" tests="20" failures="6" skipped="0" errors="0" time="69.809442">
<testsuite name="product-images-fix.spec.ts" timestamp="2025-06-28T21:42:59.727Z" hostname="chromium" tests="4" failures="3" skipped="0" time="111.265" errors="0">
<testcase name="Corrección de Imágenes de Productos › Verificar que productos en Home no muestran placeholders" classname="product-images-fix.spec.ts" time="16.847">
<system-out>
<![CDATA[🔍 Verificando imágenes en página Home...
📦 Encontradas 14 tarjetas de productos en Home
🖼️ Producto 1:
   - Src: https://aakzspzfulgftqlgwkpb.supabase.co/storage/v1/object/public/product-images/galgo/lija-al-agua-50.png
   - Alt: Lija al Agua Grano 50 - El Galgo
🖼️ Producto 2:
   - Src: https://aakzspzfulgftqlgwkpb.supabase.co/storage/v1/object/public/product-images/genericos/pinceleta-obra.png
   - Alt: Pinceleta para Obra
🖼️ Producto 3:
   - Src: https://aakzspzfulgftqlgwkpb.supabase.co/storage/v1/object/public/product-images/galgo/lija-al-agua-120.png
   - Alt: Lija al Agua Grano 120 - El Galgo
🖼️ Producto 4:
   - Src: https://aakzspzfulgftqlgwkpb.supabase.co/storage/v1/object/public/product-images/galgo/lija-al-agua-40.png
   - Alt: Lija al Agua Grano 40 - El Galgo
🖼️ Producto 5:
   - Src: https://aakzspzfulgftqlgwkpb.supabase.co/storage/v1/object/public/product-images/galgo/lija-al-agua-80.png
   - Alt: Lija al Agua Grano 80 - El Galgo
🖼️ Producto 6:
   - Src: https://aakzspzfulgftqlgwkpb.supabase.co/storage/v1/object/public/product-images/galgo/lija-al-agua-180.png
   - Alt: Lija al Agua Grano 180 - El Galgo
🖼️ Producto 7:
   - Src: https://aakzspzfulgftqlgwkpb.supabase.co/storage/v1/object/public/product-images/genericos/bandeja-chata.png
   - Alt: Bandeja Chata para Pintura
🖼️ Producto 8:
   - Src: https://aakzspzfulgftqlgwkpb.supabase.co/storage/v1/object/public/product-images/poximix/poximix-exterior-5kg-poxipol.png
   - Alt: Poximix Exterior 5kg Poxipol
🖼️ Producto 9:
   - Src: https://aakzspzfulgftqlgwkpb.supabase.co/storage/v1/object/public/product-images/plavicon/plavipint-techos-poliuretanico-20l-plavicon.webp
   - Alt: Plavipint Techos Poliuretánico 20L Plavicon
🖼️ Producto 10:
   - Src: https://aakzspzfulgftqlgwkpb.supabase.co/storage/v1/object/public/product-images/plavicon/membrana-performa-20l-plavicon.webp
   - Alt: Membrana Performa 20L Plavicon
]]>
</system-out>
</testcase>
<testcase name="Corrección de Imágenes de Productos › Verificar productos específicos que tenían problemas" classname="product-images-fix.spec.ts" time="31.716">
<failure message="product-images-fix.spec.ts:75:7 Verificar productos específicos que tenían problemas" type="FAILURE">
<![CDATA[  [chromium] › product-images-fix.spec.ts:75:7 › Corrección de Imágenes de Productos › Verificar productos específicos que tenían problemas 

    Test timeout of 30000ms exceeded.

    Error: page.waitForLoadState: Test timeout of 30000ms exceeded.

      92 |       
      93 |       // Esperar a que la página cargue
    > 94 |       await page.waitForLoadState('networkidle');
         |                  ^
      95 |       
      96 |       // Buscar la imagen principal del producto
      97 |       const productImage = page.locator('[data-testid="product-main-image"], .product-image img, img[alt*="producto"], img[alt*="Poximix"], img[alt*="Plavicon"], img[alt*="Sinteplast"], img[alt*="Petrilac"]').first();
        at C:\Users\marti\Desktop\DESARROLLOSW\BOILERPLATTE E-COMMERCE\e2e\product-images-fix.spec.ts:94:18

    attachment #1: screenshot (image/png) ──────────────────────────────────────────────────────────
    test-results\product-images-fix-Correcc-f2cfd-íficos-que-tenían-problemas-chromium\test-failed-1.png
    ────────────────────────────────────────────────────────────────────────────────────────────────

    attachment #2: video (video/webm) ──────────────────────────────────────────────────────────────
    test-results\product-images-fix-Correcc-f2cfd-íficos-que-tenían-problemas-chromium\video.webm
    ────────────────────────────────────────────────────────────────────────────────────────────────

    Error Context: ..\test-results\product-images-fix-Correcc-f2cfd-íficos-que-tenían-problemas-chromium\error-context.md
]]>
</failure>
<system-out>
<![CDATA[🔍 Verificando productos específicos que tenían placeholders...
🔍 Verificando producto: poximix-exterior-5kg-poxipol

[[ATTACHMENT|product-images-fix-Correcc-f2cfd-íficos-que-tenían-problemas-chromium\test-failed-1.png]]

[[ATTACHMENT|product-images-fix-Correcc-f2cfd-íficos-que-tenían-problemas-chromium\video.webm]]

[[ATTACHMENT|product-images-fix-Correcc-f2cfd-íficos-que-tenían-problemas-chromium\error-context.md]]
]]>
</system-out>
</testcase>
<testcase name="Corrección de Imágenes de Productos › Verificar página de tienda (Shop) sin placeholders" classname="product-images-fix.spec.ts" time="31.792">
<failure message="product-images-fix.spec.ts:133:7 Verificar página de tienda (Shop) sin placeholders" type="FAILURE">
<![CDATA[  [chromium] › product-images-fix.spec.ts:133:7 › Corrección de Imágenes de Productos › Verificar página de tienda (Shop) sin placeholders 

    Test timeout of 30000ms exceeded.

    Error: page.waitForLoadState: Test timeout of 30000ms exceeded.

      136 |     // Navegar a la página de tienda
      137 |     await page.goto('/shop');
    > 138 |     await page.waitForLoadState('networkidle');
          |                ^
      139 |     
      140 |     // Buscar productos en la tienda
      141 |     const productCards = page.locator('[data-testid="product-card"], .product-card, [class*="product"]');
        at C:\Users\marti\Desktop\DESARROLLOSW\BOILERPLATTE E-COMMERCE\e2e\product-images-fix.spec.ts:138:16

    attachment #1: screenshot (image/png) ──────────────────────────────────────────────────────────
    test-results\product-images-fix-Correcc-70f89-ienda-Shop-sin-placeholders-chromium\test-failed-1.png
    ────────────────────────────────────────────────────────────────────────────────────────────────

    attachment #2: video (video/webm) ──────────────────────────────────────────────────────────────
    test-results\product-images-fix-Correcc-70f89-ienda-Shop-sin-placeholders-chromium\video.webm
    ────────────────────────────────────────────────────────────────────────────────────────────────

    Error Context: ..\test-results\product-images-fix-Correcc-70f89-ienda-Shop-sin-placeholders-chromium\error-context.md
]]>
</failure>
<system-out>
<![CDATA[🔍 Verificando imágenes en página Shop...

[[ATTACHMENT|product-images-fix-Correcc-70f89-ienda-Shop-sin-placeholders-chromium\test-failed-1.png]]

[[ATTACHMENT|product-images-fix-Correcc-70f89-ienda-Shop-sin-placeholders-chromium\video.webm]]

[[ATTACHMENT|product-images-fix-Correcc-70f89-ienda-Shop-sin-placeholders-chromium\error-context.md]]
]]>
</system-out>
</testcase>
<testcase name="Corrección de Imágenes de Productos › Verificar estadísticas de corrección" classname="product-images-fix.spec.ts" time="30.91">
<failure message="product-images-fix.spec.ts:168:7 Verificar estadísticas de corrección" type="FAILURE">
<![CDATA[  [chromium] › product-images-fix.spec.ts:168:7 › Corrección de Imágenes de Productos › Verificar estadísticas de corrección 

    Test timeout of 30000ms exceeded.

    Error: page.waitForLoadState: Test timeout of 30000ms exceeded.

      176 |     for (const pagePath of pages) {
      177 |       await page.goto(pagePath);
    > 178 |       await page.waitForLoadState('networkidle');
          |                  ^
      179 |       
      180 |       const images = page.locator('img[src*="supabase.co"]');
      181 |       const imageCount = await images.count();
        at C:\Users\marti\Desktop\DESARROLLOSW\BOILERPLATTE E-COMMERCE\e2e\product-images-fix.spec.ts:178:18

    attachment #1: screenshot (image/png) ──────────────────────────────────────────────────────────
    test-results\product-images-fix-Correcc-15a77--estadísticas-de-corrección-chromium\test-failed-1.png
    ────────────────────────────────────────────────────────────────────────────────────────────────

    attachment #2: video (video/webm) ──────────────────────────────────────────────────────────────
    test-results\product-images-fix-Correcc-15a77--estadísticas-de-corrección-chromium\video.webm
    ────────────────────────────────────────────────────────────────────────────────────────────────

    Error Context: ..\test-results\product-images-fix-Correcc-15a77--estadísticas-de-corrección-chromium\error-context.md
]]>
</failure>
<system-out>
<![CDATA[📊 Verificando estadísticas de la corrección...

[[ATTACHMENT|product-images-fix-Correcc-15a77--estadísticas-de-corrección-chromium\test-failed-1.png]]

[[ATTACHMENT|product-images-fix-Correcc-15a77--estadísticas-de-corrección-chromium\video.webm]]

[[ATTACHMENT|product-images-fix-Correcc-15a77--estadísticas-de-corrección-chromium\error-context.md]]
]]>
</system-out>
</testcase>
</testsuite>
<testsuite name="product-images-fix.spec.ts" timestamp="2025-06-28T21:42:59.727Z" hostname="firefox" tests="4" failures="3" skipped="0" time="130.479" errors="0">
<testcase name="Corrección de Imágenes de Productos › Verificar que productos en Home no muestran placeholders" classname="product-images-fix.spec.ts" time="30.342">
<failure message="product-images-fix.spec.ts:21:7 Verificar que productos en Home no muestran placeholders" type="FAILURE">
<![CDATA[  [firefox] › product-images-fix.spec.ts:21:7 › Corrección de Imágenes de Productos › Verificar que productos en Home no muestran placeholders 

    Test timeout of 30000ms exceeded while running "beforeEach" hook.

      11 | test.describe('Corrección de Imágenes de Productos', () => {
      12 |   
    > 13 |   test.beforeEach(async ({ page }) => {
         |        ^
      14 |     // Navegar a la página principal
      15 |     await page.goto('/');
      16 |     
        at C:\Users\marti\Desktop\DESARROLLOSW\BOILERPLATTE E-COMMERCE\e2e\product-images-fix.spec.ts:13:8

    Error: page.goto: Test timeout of 30000ms exceeded.
    Call log:
      - navigating to "http://localhost:3000/", waiting until "load"


      13 |   test.beforeEach(async ({ page }) => {
      14 |     // Navegar a la página principal
    > 15 |     await page.goto('/');
         |                ^
      16 |     
      17 |     // Esperar a que la página cargue completamente
      18 |     await page.waitForLoadState('networkidle');
        at C:\Users\marti\Desktop\DESARROLLOSW\BOILERPLATTE E-COMMERCE\e2e\product-images-fix.spec.ts:15:16

    attachment #1: screenshot (image/png) ──────────────────────────────────────────────────────────
    test-results\product-images-fix-Correcc-463b2-me-no-muestran-placeholders-firefox\test-failed-1.png
    ────────────────────────────────────────────────────────────────────────────────────────────────

    attachment #2: video (video/webm) ──────────────────────────────────────────────────────────────
    test-results\product-images-fix-Correcc-463b2-me-no-muestran-placeholders-firefox\video.webm
    ────────────────────────────────────────────────────────────────────────────────────────────────
]]>
</failure>
<system-out>
<![CDATA[
[[ATTACHMENT|product-images-fix-Correcc-463b2-me-no-muestran-placeholders-firefox\test-failed-1.png]]

[[ATTACHMENT|product-images-fix-Correcc-463b2-me-no-muestran-placeholders-firefox\video.webm]]
]]>
</system-out>
</testcase>
<testcase name="Corrección de Imágenes de Productos › Verificar productos específicos que tenían problemas" classname="product-images-fix.spec.ts" time="31.879">
<failure message="product-images-fix.spec.ts:75:7 Verificar productos específicos que tenían problemas" type="FAILURE">
<![CDATA[  [firefox] › product-images-fix.spec.ts:75:7 › Corrección de Imágenes de Productos › Verificar productos específicos que tenían problemas 

    Test timeout of 30000ms exceeded while running "beforeEach" hook.

      11 | test.describe('Corrección de Imágenes de Productos', () => {
      12 |   
    > 13 |   test.beforeEach(async ({ page }) => {
         |        ^
      14 |     // Navegar a la página principal
      15 |     await page.goto('/');
      16 |     
        at C:\Users\marti\Desktop\DESARROLLOSW\BOILERPLATTE E-COMMERCE\e2e\product-images-fix.spec.ts:13:8

    attachment #1: screenshot (image/png) ──────────────────────────────────────────────────────────
    test-results\product-images-fix-Correcc-f2cfd-íficos-que-tenían-problemas-firefox\test-failed-1.png
    ────────────────────────────────────────────────────────────────────────────────────────────────

    attachment #2: video (video/webm) ──────────────────────────────────────────────────────────────
    test-results\product-images-fix-Correcc-f2cfd-íficos-que-tenían-problemas-firefox\video.webm
    ────────────────────────────────────────────────────────────────────────────────────────────────

    Error Context: ..\test-results\product-images-fix-Correcc-f2cfd-íficos-que-tenían-problemas-firefox\error-context.md
]]>
</failure>
<system-out>
<![CDATA[
[[ATTACHMENT|product-images-fix-Correcc-f2cfd-íficos-que-tenían-problemas-firefox\test-failed-1.png]]

[[ATTACHMENT|product-images-fix-Correcc-f2cfd-íficos-que-tenían-problemas-firefox\video.webm]]

[[ATTACHMENT|product-images-fix-Correcc-f2cfd-íficos-que-tenían-problemas-firefox\error-context.md]]
]]>
</system-out>
</testcase>
<testcase name="Corrección de Imágenes de Productos › Verificar página de tienda (Shop) sin placeholders" classname="product-images-fix.spec.ts" time="38.926">
<failure message="product-images-fix.spec.ts:133:7 Verificar página de tienda (Shop) sin placeholders" type="FAILURE">
<![CDATA[  [firefox] › product-images-fix.spec.ts:133:7 › Corrección de Imágenes de Productos › Verificar página de tienda (Shop) sin placeholders 

    Test timeout of 30000ms exceeded while running "beforeEach" hook.

      11 | test.describe('Corrección de Imágenes de Productos', () => {
      12 |   
    > 13 |   test.beforeEach(async ({ page }) => {
         |        ^
      14 |     // Navegar a la página principal
      15 |     await page.goto('/');
      16 |     
        at C:\Users\marti\Desktop\DESARROLLOSW\BOILERPLATTE E-COMMERCE\e2e\product-images-fix.spec.ts:13:8

    TimeoutError: page.goto: Timeout 30000ms exceeded.
    Call log:
      - navigating to "http://localhost:3000/", waiting until "load"


      13 |   test.beforeEach(async ({ page }) => {
      14 |     // Navegar a la página principal
    > 15 |     await page.goto('/');
         |                ^
      16 |     
      17 |     // Esperar a que la página cargue completamente
      18 |     await page.waitForLoadState('networkidle');
        at C:\Users\marti\Desktop\DESARROLLOSW\BOILERPLATTE E-COMMERCE\e2e\product-images-fix.spec.ts:15:16

    attachment #1: video (video/webm) ──────────────────────────────────────────────────────────────
    test-results\product-images-fix-Correcc-70f89-ienda-Shop-sin-placeholders-firefox\video.webm
    ────────────────────────────────────────────────────────────────────────────────────────────────

    Error Context: ..\test-results\product-images-fix-Correcc-70f89-ienda-Shop-sin-placeholders-firefox\error-context.md
]]>
</failure>
<system-out>
<![CDATA[
[[ATTACHMENT|product-images-fix-Correcc-70f89-ienda-Shop-sin-placeholders-firefox\video.webm]]

[[ATTACHMENT|product-images-fix-Correcc-70f89-ienda-Shop-sin-placeholders-firefox\error-context.md]]
]]>
</system-out>
</testcase>
<testcase name="Corrección de Imágenes de Productos › Verificar estadísticas de corrección" classname="product-images-fix.spec.ts" time="29.332">
<system-out>
<![CDATA[📊 Verificando estadísticas de la corrección...
📄 /: 0 imágenes de Supabase encontradas
📄 /shop: 0 imágenes de Supabase encontradas
📊 Estadísticas finales:
   - Total imágenes verificadas: 0
   - Imágenes válidas: 0
   - Porcentaje de éxito: 0%
]]>
</system-out>
</testcase>
</testsuite>
<testsuite name="product-images-fix.spec.ts" timestamp="2025-06-28T21:42:59.727Z" hostname="webkit" tests="4" failures="0" skipped="0" time="17.114" errors="0">
<testcase name="Corrección de Imágenes de Productos › Verificar que productos en Home no muestran placeholders" classname="product-images-fix.spec.ts" time="3.896">
<system-out>
<![CDATA[🔍 Verificando imágenes en página Home...
📦 Encontradas 0 tarjetas de productos en Home
⚠️ No se encontraron productos en Home, verificando estructura...
📦 Productos con selectores alternativos: 0
]]>
</system-out>
</testcase>
<testcase name="Corrección de Imágenes de Productos › Verificar productos específicos que tenían problemas" classname="product-images-fix.spec.ts" time="6.428">
<system-out>
<![CDATA[🔍 Verificando productos específicos que tenían placeholders...
🔍 Verificando producto: poximix-exterior-5kg-poxipol
   ⚠️ No se encontró imagen para poximix-exterior-5kg-poxipol
🔍 Verificando producto: plavipint-techos-poliuretanico-20l-plavicon
   ⚠️ No se encontró imagen para plavipint-techos-poliuretanico-20l-plavicon
🔍 Verificando producto: membrana-performa-20l-plavicon
   ⚠️ No se encontró imagen para membrana-performa-20l-plavicon
🔍 Verificando producto: latex-frentes-4l-plavicon
   ⚠️ No se encontró imagen para latex-frentes-4l-plavicon
🔍 Verificando producto: recuplast-interior-1l-sinteplast
   ⚠️ No se encontró imagen para recuplast-interior-1l-sinteplast
🔍 Verificando producto: sintetico-converlux-1l-petrilac
   ⚠️ No se encontró imagen para sintetico-converlux-1l-petrilac
]]>
</system-out>
</testcase>
<testcase name="Corrección de Imágenes de Productos › Verificar página de tienda (Shop) sin placeholders" classname="product-images-fix.spec.ts" time="3.128">
<system-out>
<![CDATA[🔍 Verificando imágenes en página Shop...
📦 Productos encontrados en Shop: 0
]]>
</system-out>
</testcase>
<testcase name="Corrección de Imágenes de Productos › Verificar estadísticas de corrección" classname="product-images-fix.spec.ts" time="3.662">
<system-out>
<![CDATA[📊 Verificando estadísticas de la corrección...
📄 /: 0 imágenes de Supabase encontradas
📄 /shop: 0 imágenes de Supabase encontradas
📊 Estadísticas finales:
   - Total imágenes verificadas: 0
   - Imágenes válidas: 0
   - Porcentaje de éxito: 0%
]]>
</system-out>
</testcase>
</testsuite>
<testsuite name="product-images-fix.spec.ts" timestamp="2025-06-28T21:42:59.727Z" hostname="Mobile Chrome" tests="4" failures="0" skipped="0" time="45.935" errors="0">
<testcase name="Corrección de Imágenes de Productos › Verificar que productos en Home no muestran placeholders" classname="product-images-fix.spec.ts" time="6.801">
<system-out>
<![CDATA[🔍 Verificando imágenes en página Home...
📦 Encontradas 14 tarjetas de productos en Home
🖼️ Producto 1:
   - Src: https://aakzspzfulgftqlgwkpb.supabase.co/storage/v1/object/public/product-images/galgo/lija-al-agua-50.png
   - Alt: Lija al Agua Grano 50 - El Galgo
🖼️ Producto 2:
   - Src: https://aakzspzfulgftqlgwkpb.supabase.co/storage/v1/object/public/product-images/genericos/pinceleta-obra.png
   - Alt: Pinceleta para Obra
🖼️ Producto 3:
   - Src: https://aakzspzfulgftqlgwkpb.supabase.co/storage/v1/object/public/product-images/galgo/lija-al-agua-120.png
   - Alt: Lija al Agua Grano 120 - El Galgo
🖼️ Producto 4:
   - Src: https://aakzspzfulgftqlgwkpb.supabase.co/storage/v1/object/public/product-images/galgo/lija-al-agua-40.png
   - Alt: Lija al Agua Grano 40 - El Galgo
🖼️ Producto 5:
   - Src: https://aakzspzfulgftqlgwkpb.supabase.co/storage/v1/object/public/product-images/galgo/lija-al-agua-80.png
   - Alt: Lija al Agua Grano 80 - El Galgo
🖼️ Producto 6:
   - Src: https://aakzspzfulgftqlgwkpb.supabase.co/storage/v1/object/public/product-images/galgo/lija-al-agua-180.png
   - Alt: Lija al Agua Grano 180 - El Galgo
🖼️ Producto 7:
   - Src: https://aakzspzfulgftqlgwkpb.supabase.co/storage/v1/object/public/product-images/genericos/bandeja-chata.png
   - Alt: Bandeja Chata para Pintura
🖼️ Producto 8:
   - Src: https://aakzspzfulgftqlgwkpb.supabase.co/storage/v1/object/public/product-images/poximix/poximix-exterior-5kg-poxipol.png
   - Alt: Poximix Exterior 5kg Poxipol
🖼️ Producto 9:
   - Src: https://aakzspzfulgftqlgwkpb.supabase.co/storage/v1/object/public/product-images/plavicon/plavipint-techos-poliuretanico-20l-plavicon.webp
   - Alt: Plavipint Techos Poliuretánico 20L Plavicon
🖼️ Producto 10:
   - Src: https://aakzspzfulgftqlgwkpb.supabase.co/storage/v1/object/public/product-images/plavicon/membrana-performa-20l-plavicon.webp
   - Alt: Membrana Performa 20L Plavicon
]]>
</system-out>
</testcase>
<testcase name="Corrección de Imágenes de Productos › Verificar productos específicos que tenían problemas" classname="product-images-fix.spec.ts" time="19.864">
<system-out>
<![CDATA[🔍 Verificando productos específicos que tenían placeholders...
🔍 Verificando producto: poximix-exterior-5kg-poxipol
   ⚠️ No se encontró imagen para poximix-exterior-5kg-poxipol
🔍 Verificando producto: plavipint-techos-poliuretanico-20l-plavicon
   ⚠️ No se encontró imagen para plavipint-techos-poliuretanico-20l-plavicon
   📸 Primera imagen encontrada: /_next/image?url=%2Fimages%2Flogo%2FLOGO%20POSITIVO.svg&w=384&q=75
🔍 Verificando producto: membrana-performa-20l-plavicon
   ⚠️ No se encontró imagen para membrana-performa-20l-plavicon
🔍 Verificando producto: latex-frentes-4l-plavicon
   ⚠️ No se encontró imagen para latex-frentes-4l-plavicon
🔍 Verificando producto: recuplast-interior-1l-sinteplast
   ⚠️ No se encontró imagen para recuplast-interior-1l-sinteplast
🔍 Verificando producto: sintetico-converlux-1l-petrilac
   ⚠️ No se encontró imagen para sintetico-converlux-1l-petrilac
]]>
</system-out>
</testcase>
<testcase name="Corrección de Imágenes de Productos › Verificar página de tienda (Shop) sin placeholders" classname="product-images-fix.spec.ts" time="8.464">
<system-out>
<![CDATA[🔍 Verificando imágenes en página Shop...
📦 Productos encontrados en Shop: 0
]]>
</system-out>
</testcase>
<testcase name="Corrección de Imágenes de Productos › Verificar estadísticas de corrección" classname="product-images-fix.spec.ts" time="10.806">
<system-out>
<![CDATA[📊 Verificando estadísticas de la corrección...
📄 /: 0 imágenes de Supabase encontradas
📄 /shop: 0 imágenes de Supabase encontradas
📊 Estadísticas finales:
   - Total imágenes verificadas: 0
   - Imágenes válidas: 0
   - Porcentaje de éxito: 0%
]]>
</system-out>
</testcase>
</testsuite>
<testsuite name="product-images-fix.spec.ts" timestamp="2025-06-28T21:42:59.727Z" hostname="Mobile Safari" tests="4" failures="0" skipped="0" time="18.975" errors="0">
<testcase name="Corrección de Imágenes de Productos › Verificar que productos en Home no muestran placeholders" classname="product-images-fix.spec.ts" time="1.997">
<system-out>
<![CDATA[🔍 Verificando imágenes en página Home...
📦 Encontradas 0 tarjetas de productos en Home
⚠️ No se encontraron productos en Home, verificando estructura...
📦 Productos con selectores alternativos: 0
]]>
</system-out>
</testcase>
<testcase name="Corrección de Imágenes de Productos › Verificar productos específicos que tenían problemas" classname="product-images-fix.spec.ts" time="8.517">
<system-out>
<![CDATA[🔍 Verificando productos específicos que tenían placeholders...
🔍 Verificando producto: poximix-exterior-5kg-poxipol
   ⚠️ No se encontró imagen para poximix-exterior-5kg-poxipol
🔍 Verificando producto: plavipint-techos-poliuretanico-20l-plavicon
   ⚠️ No se encontró imagen para plavipint-techos-poliuretanico-20l-plavicon
🔍 Verificando producto: membrana-performa-20l-plavicon
   ⚠️ No se encontró imagen para membrana-performa-20l-plavicon
🔍 Verificando producto: latex-frentes-4l-plavicon
   ⚠️ No se encontró imagen para latex-frentes-4l-plavicon
🔍 Verificando producto: recuplast-interior-1l-sinteplast
   ⚠️ No se encontró imagen para recuplast-interior-1l-sinteplast
🔍 Verificando producto: sintetico-converlux-1l-petrilac
   ⚠️ No se encontró imagen para sintetico-converlux-1l-petrilac
]]>
</system-out>
</testcase>
<testcase name="Corrección de Imágenes de Productos › Verificar página de tienda (Shop) sin placeholders" classname="product-images-fix.spec.ts" time="3.362">
<system-out>
<![CDATA[🔍 Verificando imágenes en página Shop...
📦 Productos encontrados en Shop: 0
]]>
</system-out>
</testcase>
<testcase name="Corrección de Imágenes de Productos › Verificar estadísticas de corrección" classname="product-images-fix.spec.ts" time="5.099">
<system-out>
<![CDATA[📊 Verificando estadísticas de la corrección...
📄 /: 0 imágenes de Supabase encontradas
📄 /shop: 0 imágenes de Supabase encontradas
📊 Estadísticas finales:
   - Total imágenes verificadas: 0
   - Imágenes válidas: 0
   - Porcentaje de éxito: 0%
]]>
</system-out>
</testcase>
</testsuite>
</testsuites>