<testsuites id="" name="" tests="9" failures="7" skipped="0" errors="0" time="14.480780000000001">
<testsuite name="api-public.spec.ts" timestamp="2025-09-27T20:26:41.315Z" hostname="api-public" tests="9" failures="7" skipped="0" time="4.569" errors="0">
<testcase name="APIs Públicas - Enfoque API-First › API /api/products - Listar productos públicos" classname="api-public.spec.ts" time="1.44">
<failure message="api-public.spec.ts:11:7 API /api/products - Listar productos públicos" type="FAILURE">
<![CDATA[  [api-public] › api-public.spec.ts:11:7 › APIs Públicas - Enfoque API-First › API /api/products - Listar productos públicos 

    Error: expect(received).toHaveProperty(path)

    Expected path: "products"
    Received path: []

    Received value: {"data": [{"brand": "El Galgo", "category": {"id": 32, "name": "Profesionales", "slug": "profesionales"}, "discounted_price": null, "id": 87, "images": {"gallery": ["https://aakzspzfulgftqlgwkpb.supabase.co/storage/v1/object/public/product-images/galgo/lija-al-agua-40.png"], "main": "https://aakzspzfulgftqlgwkpb.supabase.co/storage/v1/object/public/product-images/galgo/lija-al-agua-40.png", "previews": ["https://aakzspzfulgftqlgwkpb.supabase.co/storage/v1/object/public/product-images/galgo/lija-al-agua-40.png"], "thumbnails": ["https://aakzspzfulgftqlgwkpb.supabase.co/storage/v1/object/public/product-images/galgo/lija-al-agua-40.png"]}, "name": "Lija al Agua Grano 40", "price": 850, "slug": "lija-al-agua-grano-40-el-galgo", "stock": 50}, {"brand": "El Galgo", "category": {"id": 32, "name": "Profesionales", "slug": "profesionales"}, "discounted_price": null, "id": 89, "images": {"gallery": ["https://aakzspzfulgftqlgwkpb.supabase.co/storage/v1/object/public/product-images/galgo/lija-al-agua-80.png"], "main": "https://aakzspzfulgftqlgwkpb.supabase.co/storage/v1/object/public/product-images/galgo/lija-al-agua-80.png", "previews": ["https://aakzspzfulgftqlgwkpb.supabase.co/storage/v1/object/public/product-images/galgo/lija-al-agua-80.png"], "thumbnails": ["https://aakzspzfulgftqlgwkpb.supabase.co/storage/v1/object/public/product-images/galgo/lija-al-agua-80.png"]}, "name": "Lija al Agua Grano 80", "price": 780, "slug": "lija-al-agua-grano-80-el-galgo", "stock": 50}, {"brand": "Genérico", "category": {"id": 32, "name": "Profesionales", "slug": "profesionales"}, "discounted_price": null, "id": 92, "images": {"gallery": ["https://aakzspzfulgftqlgwkpb.supabase.co/storage/v1/object/public/product-images/genericos/bandeja-chata.png"], "main": "https://aakzspzfulgftqlgwkpb.supabase.co/storage/v1/object/public/product-images/genericos/bandeja-chata.png", "previews": ["https://aakzspzfulgftqlgwkpb.supabase.co/storage/v1/object/public/product-images/genericos/bandeja-chata.png"], "thumbnails": ["https://aakzspzfulgftqlgwkpb.supabase.co/storage/v1/object/public/product-images/genericos/bandeja-chata.png"]}, "name": "Bandeja Chata para Pintura", "price": 1250, "slug": "bandeja-chata-para-pintura", "stock": 30}, {"brand": "El Galgo", "category": {"id": 32, "name": "Profesionales", "slug": "profesionales"}, "discounted_price": null, "id": 91, "images": {"gallery": ["https://aakzspzfulgftqlgwkpb.supabase.co/storage/v1/object/public/product-images/galgo/lija-al-agua-180.png"], "main": "https://aakzspzfulgftqlgwkpb.supabase.co/storage/v1/object/public/product-images/galgo/lija-al-agua-180.png", "previews": ["https://aakzspzfulgftqlgwkpb.supabase.co/storage/v1/object/public/product-images/galgo/lija-al-agua-180.png"], "thumbnails": ["https://aakzspzfulgftqlgwkpb.supabase.co/storage/v1/object/public/product-images/galgo/lija-al-agua-180.png"]}, "name": "Lija al Agua Grano 180", "price": 720, "slug": "lija-al-agua-grano-180-el-galgo", "stock": 50}, {"brand": "El Galgo", "category": {"id": 32, "name": "Profesionales", "slug": "profesionales"}, "discounted_price": null, "id": 90, "images": {"gallery": ["https://aakzspzfulgftqlgwkpb.supabase.co/storage/v1/object/public/product-images/galgo/lija-al-agua-120.png"], "main": "https://aakzspzfulgftqlgwkpb.supabase.co/storage/v1/object/public/product-images/galgo/lija-al-agua-120.png", "previews": ["https://aakzspzfulgftqlgwkpb.supabase.co/storage/v1/object/public/product-images/galgo/lija-al-agua-120.png"], "thumbnails": ["https://aakzspzfulgftqlgwkpb.supabase.co/storage/v1/object/public/product-images/galgo/lija-al-agua-120.png"]}, "name": "Lija al Agua Grano 120", "price": 750, "slug": "lija-al-agua-grano-120-el-galgo", "stock": 50}, {"brand": "El Galgo", "category": {"id": 32, "name": "Profesionales", "slug": "profesionales"}, "discounted_price": null, "id": 88, "images": {"gallery": ["https://aakzspzfulgftqlgwkpb.supabase.co/storage/v1/object/public/product-images/galgo/lija-al-agua-50.png"], "main": "https://aakzspzfulgftqlgwkpb.supabase.co/storage/v1/object/public/product-images/galgo/lija-al-agua-50.png", "previews": ["https://aakzspzfulgftqlgwkpb.supabase.co/storage/v1/object/public/product-images/galgo/lija-al-agua-50.png"], "thumbnails": ["https://aakzspzfulgftqlgwkpb.supabase.co/storage/v1/object/public/product-images/galgo/lija-al-agua-50.png"]}, "name": "Lija al Agua Grano 50", "price": 820, "slug": "lija-al-agua-grano-50-el-galgo", "stock": 50}, {"brand": "Genérico", "category": {"id": 32, "name": "Profesionales", "slug": "profesionales"}, "discounted_price": null, "id": 93, "images": {"gallery": ["https://aakzspzfulgftqlgwkpb.supabase.co/storage/v1/object/public/product-images/genericos/pinceleta-obra.png"], "main": "https://aakzspzfulgftqlgwkpb.supabase.co/storage/v1/object/public/product-images/genericos/pinceleta-obra.png", "previews": ["https://aakzspzfulgftqlgwkpb.supabase.co/storage/v1/object/public/product-images/genericos/pinceleta-obra.png"], "thumbnails": ["https://aakzspzfulgftqlgwkpb.supabase.co/storage/v1/object/public/product-images/genericos/pinceleta-obra.png"]}, "name": "Pinceleta para Obra", "price": 980, "slug": "pinceleta-para-obra", "stock": 40}, {"brand": "Akapol", "category": {"id": 27, "name": "Exteriores", "slug": "exteriores"}, "discounted_price": 20250, "id": 86, "images": {"gallery": ["https://aakzspzfulgftqlgwkpb.supabase.co/storage/v1/object/public/product-images/poximix/poximix-exterior-5kg-poxipol.png"], "main": "https://aakzspzfulgftqlgwkpb.supabase.co/storage/v1/object/public/product-images/poximix/poximix-exterior-5kg-poxipol.png", "previews": ["https://aakzspzfulgftqlgwkpb.supabase.co/storage/v1/object/public/product-images/poximix/poximix-exterior-5kg-poxipol.png"], "thumbnail": "https://aakzspzfulgftqlgwkpb.supabase.co/storage/v1/object/public/product-images/poximix/poximix-exterior-5kg-poxipol.png", "thumbnails": ["https://aakzspzfulgftqlgwkpb.supabase.co/storage/v1/object/public/product-images/poximix/poximix-exterior-5kg-poxipol.png"]}, "name": "Poximix Exterior 5kg", "price": 22500, "slug": "poximix-exterior-5kg", "stock": 6}, {"brand": "Akapol", "category": {"id": 27, "name": "Exteriores", "slug": "exteriores"}, "discounted_price": 13050, "id": 85, "images": {"gallery": ["https://aakzspzfulgftqlgwkpb.supabase.co/storage/v1/object/public/product-images/poximix/poximix-exterior-3kg-poxipol.png"], "main": "https://aakzspzfulgftqlgwkpb.supabase.co/storage/v1/object/public/product-images/poximix/poximix-exterior-3kg-poxipol.png", "previews": ["https://aakzspzfulgftqlgwkpb.supabase.co/storage/v1/object/public/product-images/poximix/poximix-exterior-3kg-poxipol.png"], "thumbnail": "https://aakzspzfulgftqlgwkpb.supabase.co/storage/v1/object/public/product-images/poximix/poximix-exterior-3kg-poxipol.png", "thumbnails": ["https://aakzspzfulgftqlgwkpb.supabase.co/storage/v1/object/public/product-images/poximix/poximix-exterior-3kg-poxipol.png"]}, "name": "Poximix Exterior 3kg", "price": 14500, "slug": "poximix-exterior-3kg", "stock": 8}, {"brand": "Akapol", "category": {"id": 27, "name": "Exteriores", "slug": "exteriores"}, "discounted_price": 5850, "id": 84, "images": {"gallery": ["https://aakzspzfulgftqlgwkpb.supabase.co/storage/v1/object/public/product-images/poximix/poximix-exterior-125kg-poxipol.png"], "main": "https://aakzspzfulgftqlgwkpb.supabase.co/storage/v1/object/public/product-images/poximix/poximix-exterior-125kg-poxipol.png", "previews": ["https://aakzspzfulgftqlgwkpb.supabase.co/storage/v1/object/public/product-images/poximix/poximix-exterior-125kg-poxipol.png"], "thumbnail": "https://aakzspzfulgftqlgwkpb.supabase.co/storage/v1/object/public/product-images/poximix/poximix-exterior-125kg-poxipol.png", "thumbnails": ["https://aakzspzfulgftqlgwkpb.supabase.co/storage/v1/object/public/product-images/poximix/poximix-exterior-125kg-poxipol.png"]}, "name": "Poximix Exterior 1.25kg", "price": 6500, "slug": "poximix-exterior-125kg", "stock": 12}, …], "message": "12 productos encontrados", "pagination": {"limit": 12, "page": 1, "total": 53, "totalPages": 5}, "success": true}

      23 |     
      24 |     // Verificar estructura
    > 25 |     expect(data).toHaveProperty('products');
         |                  ^
      26 |     expect(Array.isArray(data.products)).toBeTruthy();
      27 |     
      28 |     if (data.products.length > 0) {
        at C:\Users\marti\Desktop\DESARROLLOSW\BOILERPLATTE E-COMMERCE\tests\e2e\api-public.spec.ts:25:18

    Retry #1 ───────────────────────────────────────────────────────────────────────────────────────

    Error: expect(received).toHaveProperty(path)

    Expected path: "products"
    Received path: []

    Received value: {"data": [{"brand": "El Galgo", "category": {"id": 32, "name": "Profesionales", "slug": "profesionales"}, "discounted_price": null, "id": 87, "images": {"gallery": ["https://aakzspzfulgftqlgwkpb.supabase.co/storage/v1/object/public/product-images/galgo/lija-al-agua-40.png"], "main": "https://aakzspzfulgftqlgwkpb.supabase.co/storage/v1/object/public/product-images/galgo/lija-al-agua-40.png", "previews": ["https://aakzspzfulgftqlgwkpb.supabase.co/storage/v1/object/public/product-images/galgo/lija-al-agua-40.png"], "thumbnails": ["https://aakzspzfulgftqlgwkpb.supabase.co/storage/v1/object/public/product-images/galgo/lija-al-agua-40.png"]}, "name": "Lija al Agua Grano 40", "price": 850, "slug": "lija-al-agua-grano-40-el-galgo", "stock": 50}, {"brand": "El Galgo", "category": {"id": 32, "name": "Profesionales", "slug": "profesionales"}, "discounted_price": null, "id": 89, "images": {"gallery": ["https://aakzspzfulgftqlgwkpb.supabase.co/storage/v1/object/public/product-images/galgo/lija-al-agua-80.png"], "main": "https://aakzspzfulgftqlgwkpb.supabase.co/storage/v1/object/public/product-images/galgo/lija-al-agua-80.png", "previews": ["https://aakzspzfulgftqlgwkpb.supabase.co/storage/v1/object/public/product-images/galgo/lija-al-agua-80.png"], "thumbnails": ["https://aakzspzfulgftqlgwkpb.supabase.co/storage/v1/object/public/product-images/galgo/lija-al-agua-80.png"]}, "name": "Lija al Agua Grano 80", "price": 780, "slug": "lija-al-agua-grano-80-el-galgo", "stock": 50}, {"brand": "Genérico", "category": {"id": 32, "name": "Profesionales", "slug": "profesionales"}, "discounted_price": null, "id": 92, "images": {"gallery": ["https://aakzspzfulgftqlgwkpb.supabase.co/storage/v1/object/public/product-images/genericos/bandeja-chata.png"], "main": "https://aakzspzfulgftqlgwkpb.supabase.co/storage/v1/object/public/product-images/genericos/bandeja-chata.png", "previews": ["https://aakzspzfulgftqlgwkpb.supabase.co/storage/v1/object/public/product-images/genericos/bandeja-chata.png"], "thumbnails": ["https://aakzspzfulgftqlgwkpb.supabase.co/storage/v1/object/public/product-images/genericos/bandeja-chata.png"]}, "name": "Bandeja Chata para Pintura", "price": 1250, "slug": "bandeja-chata-para-pintura", "stock": 30}, {"brand": "El Galgo", "category": {"id": 32, "name": "Profesionales", "slug": "profesionales"}, "discounted_price": null, "id": 91, "images": {"gallery": ["https://aakzspzfulgftqlgwkpb.supabase.co/storage/v1/object/public/product-images/galgo/lija-al-agua-180.png"], "main": "https://aakzspzfulgftqlgwkpb.supabase.co/storage/v1/object/public/product-images/galgo/lija-al-agua-180.png", "previews": ["https://aakzspzfulgftqlgwkpb.supabase.co/storage/v1/object/public/product-images/galgo/lija-al-agua-180.png"], "thumbnails": ["https://aakzspzfulgftqlgwkpb.supabase.co/storage/v1/object/public/product-images/galgo/lija-al-agua-180.png"]}, "name": "Lija al Agua Grano 180", "price": 720, "slug": "lija-al-agua-grano-180-el-galgo", "stock": 50}, {"brand": "El Galgo", "category": {"id": 32, "name": "Profesionales", "slug": "profesionales"}, "discounted_price": null, "id": 90, "images": {"gallery": ["https://aakzspzfulgftqlgwkpb.supabase.co/storage/v1/object/public/product-images/galgo/lija-al-agua-120.png"], "main": "https://aakzspzfulgftqlgwkpb.supabase.co/storage/v1/object/public/product-images/galgo/lija-al-agua-120.png", "previews": ["https://aakzspzfulgftqlgwkpb.supabase.co/storage/v1/object/public/product-images/galgo/lija-al-agua-120.png"], "thumbnails": ["https://aakzspzfulgftqlgwkpb.supabase.co/storage/v1/object/public/product-images/galgo/lija-al-agua-120.png"]}, "name": "Lija al Agua Grano 120", "price": 750, "slug": "lija-al-agua-grano-120-el-galgo", "stock": 50}, {"brand": "El Galgo", "category": {"id": 32, "name": "Profesionales", "slug": "profesionales"}, "discounted_price": null, "id": 88, "images": {"gallery": ["https://aakzspzfulgftqlgwkpb.supabase.co/storage/v1/object/public/product-images/galgo/lija-al-agua-50.png"], "main": "https://aakzspzfulgftqlgwkpb.supabase.co/storage/v1/object/public/product-images/galgo/lija-al-agua-50.png", "previews": ["https://aakzspzfulgftqlgwkpb.supabase.co/storage/v1/object/public/product-images/galgo/lija-al-agua-50.png"], "thumbnails": ["https://aakzspzfulgftqlgwkpb.supabase.co/storage/v1/object/public/product-images/galgo/lija-al-agua-50.png"]}, "name": "Lija al Agua Grano 50", "price": 820, "slug": "lija-al-agua-grano-50-el-galgo", "stock": 50}, {"brand": "Genérico", "category": {"id": 32, "name": "Profesionales", "slug": "profesionales"}, "discounted_price": null, "id": 93, "images": {"gallery": ["https://aakzspzfulgftqlgwkpb.supabase.co/storage/v1/object/public/product-images/genericos/pinceleta-obra.png"], "main": "https://aakzspzfulgftqlgwkpb.supabase.co/storage/v1/object/public/product-images/genericos/pinceleta-obra.png", "previews": ["https://aakzspzfulgftqlgwkpb.supabase.co/storage/v1/object/public/product-images/genericos/pinceleta-obra.png"], "thumbnails": ["https://aakzspzfulgftqlgwkpb.supabase.co/storage/v1/object/public/product-images/genericos/pinceleta-obra.png"]}, "name": "Pinceleta para Obra", "price": 980, "slug": "pinceleta-para-obra", "stock": 40}, {"brand": "Akapol", "category": {"id": 27, "name": "Exteriores", "slug": "exteriores"}, "discounted_price": 20250, "id": 86, "images": {"gallery": ["https://aakzspzfulgftqlgwkpb.supabase.co/storage/v1/object/public/product-images/poximix/poximix-exterior-5kg-poxipol.png"], "main": "https://aakzspzfulgftqlgwkpb.supabase.co/storage/v1/object/public/product-images/poximix/poximix-exterior-5kg-poxipol.png", "previews": ["https://aakzspzfulgftqlgwkpb.supabase.co/storage/v1/object/public/product-images/poximix/poximix-exterior-5kg-poxipol.png"], "thumbnail": "https://aakzspzfulgftqlgwkpb.supabase.co/storage/v1/object/public/product-images/poximix/poximix-exterior-5kg-poxipol.png", "thumbnails": ["https://aakzspzfulgftqlgwkpb.supabase.co/storage/v1/object/public/product-images/poximix/poximix-exterior-5kg-poxipol.png"]}, "name": "Poximix Exterior 5kg", "price": 22500, "slug": "poximix-exterior-5kg", "stock": 6}, {"brand": "Akapol", "category": {"id": 27, "name": "Exteriores", "slug": "exteriores"}, "discounted_price": 13050, "id": 85, "images": {"gallery": ["https://aakzspzfulgftqlgwkpb.supabase.co/storage/v1/object/public/product-images/poximix/poximix-exterior-3kg-poxipol.png"], "main": "https://aakzspzfulgftqlgwkpb.supabase.co/storage/v1/object/public/product-images/poximix/poximix-exterior-3kg-poxipol.png", "previews": ["https://aakzspzfulgftqlgwkpb.supabase.co/storage/v1/object/public/product-images/poximix/poximix-exterior-3kg-poxipol.png"], "thumbnail": "https://aakzspzfulgftqlgwkpb.supabase.co/storage/v1/object/public/product-images/poximix/poximix-exterior-3kg-poxipol.png", "thumbnails": ["https://aakzspzfulgftqlgwkpb.supabase.co/storage/v1/object/public/product-images/poximix/poximix-exterior-3kg-poxipol.png"]}, "name": "Poximix Exterior 3kg", "price": 14500, "slug": "poximix-exterior-3kg", "stock": 8}, {"brand": "Akapol", "category": {"id": 27, "name": "Exteriores", "slug": "exteriores"}, "discounted_price": 5850, "id": 84, "images": {"gallery": ["https://aakzspzfulgftqlgwkpb.supabase.co/storage/v1/object/public/product-images/poximix/poximix-exterior-125kg-poxipol.png"], "main": "https://aakzspzfulgftqlgwkpb.supabase.co/storage/v1/object/public/product-images/poximix/poximix-exterior-125kg-poxipol.png", "previews": ["https://aakzspzfulgftqlgwkpb.supabase.co/storage/v1/object/public/product-images/poximix/poximix-exterior-125kg-poxipol.png"], "thumbnail": "https://aakzspzfulgftqlgwkpb.supabase.co/storage/v1/object/public/product-images/poximix/poximix-exterior-125kg-poxipol.png", "thumbnails": ["https://aakzspzfulgftqlgwkpb.supabase.co/storage/v1/object/public/product-images/poximix/poximix-exterior-125kg-poxipol.png"]}, "name": "Poximix Exterior 1.25kg", "price": 6500, "slug": "poximix-exterior-125kg", "stock": 12}, …], "message": "12 productos encontrados", "pagination": {"limit": 12, "page": 1, "total": 53, "totalPages": 5}, "success": true}

      23 |     
      24 |     // Verificar estructura
    > 25 |     expect(data).toHaveProperty('products');
         |                  ^
      26 |     expect(Array.isArray(data.products)).toBeTruthy();
      27 |     
      28 |     if (data.products.length > 0) {
        at C:\Users\marti\Desktop\DESARROLLOSW\BOILERPLATTE E-COMMERCE\tests\e2e\api-public.spec.ts:25:18

    attachment #1: trace (application/zip) ─────────────────────────────────────────────────────────
    ..\..\test-results\api-public-APIs-Públicas---b64dd---Listar-productos-públicos-api-public-retry1\trace.zip
    Usage:

        npx playwright show-trace ..\..\test-results\api-public-APIs-Públicas---b64dd---Listar-productos-públicos-api-public-retry1\trace.zip

    ────────────────────────────────────────────────────────────────────────────────────────────────
]]>
</failure>
<system-out>
<![CDATA[🧪 Testeando API pública de productos...
📊 Status: 200
✅ Productos públicos: 0
🧪 Testeando API pública de productos...
📊 Status: 200
✅ Productos públicos: 0

[[ATTACHMENT|..\test-results\api-public-APIs-Públicas---b64dd---Listar-productos-públicos-api-public-retry1\trace.zip]]
]]>
</system-out>
</testcase>
<testcase name="APIs Públicas - Enfoque API-First › API /api/categories - Listar categorías públicas" classname="api-public.spec.ts" time="0.589">
<failure message="api-public.spec.ts:37:7 API /api/categories - Listar categorías públicas" type="FAILURE">
<![CDATA[  [api-public] › api-public.spec.ts:37:7 › APIs Públicas - Enfoque API-First › API /api/categories - Listar categorías públicas 

    Error: expect(received).toHaveProperty(path)

    Expected path: "categories"
    Received path: []

    Received value: {"data": [{"created_at": "2025-07-26T19:44:36.415058+00:00", "id": 26, "image_url": "https://aakzspzfulgftqlgwkpb.supabase.co/storage/v1/object/public/product-images/categories/decoraciones.png", "name": "Decoraciones", "parent_id": null, "products_count": 0, "slug": "decoraciones", "updated_at": "2025-07-26T19:44:36.415058+00:00"}, {"created_at": "2025-07-26T19:44:36.415058+00:00", "id": 27, "image_url": "https://aakzspzfulgftqlgwkpb.supabase.co/storage/v1/object/public/product-images/categories/exteriores.png", "name": "Exteriores", "parent_id": null, "products_count": 10, "slug": "exteriores", "updated_at": "2025-07-26T19:44:36.415058+00:00"}, {"created_at": "2025-07-26T19:44:36.415058+00:00", "id": 28, "image_url": "https://aakzspzfulgftqlgwkpb.supabase.co/storage/v1/object/public/product-images/categories/humedades.png", "name": "Humedades", "parent_id": null, "products_count": 2, "slug": "humedades", "updated_at": "2025-07-26T19:44:36.415058+00:00"}, {"created_at": "2025-07-26T19:44:36.415058+00:00", "id": 29, "image_url": "https://aakzspzfulgftqlgwkpb.supabase.co/storage/v1/object/public/product-images/categories/interiores.png", "name": "Interiores", "parent_id": null, "products_count": 7, "slug": "interiores", "updated_at": "2025-07-26T19:44:36.415058+00:00"}, {"created_at": "2025-07-26T19:44:36.415058+00:00", "id": 30, "image_url": "https://aakzspzfulgftqlgwkpb.supabase.co/storage/v1/object/public/product-images/categories/maderas.png", "name": "Maderas", "parent_id": null, "products_count": 4, "slug": "maderas", "updated_at": "2025-07-26T19:44:36.415058+00:00"}, {"created_at": "2025-07-26T19:44:36.415058+00:00", "id": 31, "image_url": "https://aakzspzfulgftqlgwkpb.supabase.co/storage/v1/object/public/product-images/categories/preparaciones.png", "name": "Preparaciones", "parent_id": null, "products_count": 0, "slug": "preparaciones", "updated_at": "2025-07-26T19:44:36.415058+00:00"}, {"created_at": "2025-07-26T19:44:36.415058+00:00", "id": 32, "image_url": "https://aakzspzfulgftqlgwkpb.supabase.co/storage/v1/object/public/product-images/categories/profesionales.png", "name": "Profesionales", "parent_id": null, "products_count": 17, "slug": "profesionales", "updated_at": "2025-07-26T19:44:36.415058+00:00"}, {"created_at": "2025-07-26T19:44:36.415058+00:00", "id": 33, "image_url": "https://aakzspzfulgftqlgwkpb.supabase.co/storage/v1/object/public/product-images/categories/reparaciones.png", "name": "Reparaciones", "parent_id": null, "products_count": 4, "slug": "reparaciones", "updated_at": "2025-07-26T19:44:36.415058+00:00"}, {"created_at": "2025-07-26T19:44:36.415058+00:00", "id": 34, "image_url": "https://aakzspzfulgftqlgwkpb.supabase.co/storage/v1/object/public/product-images/categories/sinteticos.png", "name": "Sintéticos", "parent_id": null, "products_count": 0, "slug": "sinteticos", "updated_at": "2025-07-26T19:44:36.415058+00:00"}, {"created_at": "2025-07-26T19:44:36.415058+00:00", "id": 35, "image_url": "https://aakzspzfulgftqlgwkpb.supabase.co/storage/v1/object/public/product-images/categories/techos.png", "name": "Techos", "parent_id": null, "products_count": 7, "slug": "techos", "updated_at": "2025-07-26T19:44:36.415058+00:00"}, …], "message": "11 categorías encontradas", "success": true}

      47 |     console.log(`✅ Categorías públicas: ${data.categories?.length || 0}`);
      48 |     
    > 49 |     expect(data).toHaveProperty('categories');
         |                  ^
      50 |     expect(Array.isArray(data.categories)).toBeTruthy();
      51 |     
      52 |     if (data.categories.length > 0) {
        at C:\Users\marti\Desktop\DESARROLLOSW\BOILERPLATTE E-COMMERCE\tests\e2e\api-public.spec.ts:49:18

    Retry #1 ───────────────────────────────────────────────────────────────────────────────────────

    Error: expect(received).toHaveProperty(path)

    Expected path: "categories"
    Received path: []

    Received value: {"data": [{"created_at": "2025-07-26T19:44:36.415058+00:00", "id": 26, "image_url": "https://aakzspzfulgftqlgwkpb.supabase.co/storage/v1/object/public/product-images/categories/decoraciones.png", "name": "Decoraciones", "parent_id": null, "products_count": 0, "slug": "decoraciones", "updated_at": "2025-07-26T19:44:36.415058+00:00"}, {"created_at": "2025-07-26T19:44:36.415058+00:00", "id": 27, "image_url": "https://aakzspzfulgftqlgwkpb.supabase.co/storage/v1/object/public/product-images/categories/exteriores.png", "name": "Exteriores", "parent_id": null, "products_count": 10, "slug": "exteriores", "updated_at": "2025-07-26T19:44:36.415058+00:00"}, {"created_at": "2025-07-26T19:44:36.415058+00:00", "id": 28, "image_url": "https://aakzspzfulgftqlgwkpb.supabase.co/storage/v1/object/public/product-images/categories/humedades.png", "name": "Humedades", "parent_id": null, "products_count": 2, "slug": "humedades", "updated_at": "2025-07-26T19:44:36.415058+00:00"}, {"created_at": "2025-07-26T19:44:36.415058+00:00", "id": 29, "image_url": "https://aakzspzfulgftqlgwkpb.supabase.co/storage/v1/object/public/product-images/categories/interiores.png", "name": "Interiores", "parent_id": null, "products_count": 7, "slug": "interiores", "updated_at": "2025-07-26T19:44:36.415058+00:00"}, {"created_at": "2025-07-26T19:44:36.415058+00:00", "id": 30, "image_url": "https://aakzspzfulgftqlgwkpb.supabase.co/storage/v1/object/public/product-images/categories/maderas.png", "name": "Maderas", "parent_id": null, "products_count": 4, "slug": "maderas", "updated_at": "2025-07-26T19:44:36.415058+00:00"}, {"created_at": "2025-07-26T19:44:36.415058+00:00", "id": 31, "image_url": "https://aakzspzfulgftqlgwkpb.supabase.co/storage/v1/object/public/product-images/categories/preparaciones.png", "name": "Preparaciones", "parent_id": null, "products_count": 0, "slug": "preparaciones", "updated_at": "2025-07-26T19:44:36.415058+00:00"}, {"created_at": "2025-07-26T19:44:36.415058+00:00", "id": 32, "image_url": "https://aakzspzfulgftqlgwkpb.supabase.co/storage/v1/object/public/product-images/categories/profesionales.png", "name": "Profesionales", "parent_id": null, "products_count": 17, "slug": "profesionales", "updated_at": "2025-07-26T19:44:36.415058+00:00"}, {"created_at": "2025-07-26T19:44:36.415058+00:00", "id": 33, "image_url": "https://aakzspzfulgftqlgwkpb.supabase.co/storage/v1/object/public/product-images/categories/reparaciones.png", "name": "Reparaciones", "parent_id": null, "products_count": 4, "slug": "reparaciones", "updated_at": "2025-07-26T19:44:36.415058+00:00"}, {"created_at": "2025-07-26T19:44:36.415058+00:00", "id": 34, "image_url": "https://aakzspzfulgftqlgwkpb.supabase.co/storage/v1/object/public/product-images/categories/sinteticos.png", "name": "Sintéticos", "parent_id": null, "products_count": 0, "slug": "sinteticos", "updated_at": "2025-07-26T19:44:36.415058+00:00"}, {"created_at": "2025-07-26T19:44:36.415058+00:00", "id": 35, "image_url": "https://aakzspzfulgftqlgwkpb.supabase.co/storage/v1/object/public/product-images/categories/techos.png", "name": "Techos", "parent_id": null, "products_count": 7, "slug": "techos", "updated_at": "2025-07-26T19:44:36.415058+00:00"}, …], "message": "11 categorías encontradas", "success": true}

      47 |     console.log(`✅ Categorías públicas: ${data.categories?.length || 0}`);
      48 |     
    > 49 |     expect(data).toHaveProperty('categories');
         |                  ^
      50 |     expect(Array.isArray(data.categories)).toBeTruthy();
      51 |     
      52 |     if (data.categories.length > 0) {
        at C:\Users\marti\Desktop\DESARROLLOSW\BOILERPLATTE E-COMMERCE\tests\e2e\api-public.spec.ts:49:18

    attachment #1: trace (application/zip) ─────────────────────────────────────────────────────────
    ..\..\test-results\api-public-APIs-Públicas---4a503--Listar-categorías-públicas-api-public-retry1\trace.zip
    Usage:

        npx playwright show-trace ..\..\test-results\api-public-APIs-Públicas---4a503--Listar-categorías-públicas-api-public-retry1\trace.zip

    ────────────────────────────────────────────────────────────────────────────────────────────────
]]>
</failure>
<system-out>
<![CDATA[🧪 Testeando API pública de categorías...
📊 Status: 200
✅ Categorías públicas: 0
🧪 Testeando API pública de categorías...
📊 Status: 200
✅ Categorías públicas: 0

[[ATTACHMENT|..\test-results\api-public-APIs-Públicas---4a503--Listar-categorías-públicas-api-public-retry1\trace.zip]]
]]>
</system-out>
</testcase>
<testcase name="APIs Públicas - Enfoque API-First › API /api/search - Búsqueda de productos" classname="api-public.spec.ts" time="0.172">
<failure message="api-public.spec.ts:59:7 API /api/search - Búsqueda de productos" type="FAILURE">
<![CDATA[  [api-public] › api-public.spec.ts:59:7 › APIs Públicas - Enfoque API-First › API /api/search - Búsqueda de productos 

    Error: expect(received).toBe(expected) // Object.is equality

    Expected: 200
    Received: 404

      65 |     console.log(`📊 Status: ${response.status()}`);
      66 |     
    > 67 |     expect(response.status()).toBe(200);
         |                               ^
      68 |     
      69 |     const data = await response.json();
      70 |     console.log(`✅ Resultados de búsqueda: ${data.results?.length || 0}`);
        at C:\Users\marti\Desktop\DESARROLLOSW\BOILERPLATTE E-COMMERCE\tests\e2e\api-public.spec.ts:67:31

    Retry #1 ───────────────────────────────────────────────────────────────────────────────────────

    Error: expect(received).toBe(expected) // Object.is equality

    Expected: 200
    Received: 404

      65 |     console.log(`📊 Status: ${response.status()}`);
      66 |     
    > 67 |     expect(response.status()).toBe(200);
         |                               ^
      68 |     
      69 |     const data = await response.json();
      70 |     console.log(`✅ Resultados de búsqueda: ${data.results?.length || 0}`);
        at C:\Users\marti\Desktop\DESARROLLOSW\BOILERPLATTE E-COMMERCE\tests\e2e\api-public.spec.ts:67:31

    attachment #1: trace (application/zip) ─────────────────────────────────────────────────────────
    ..\..\test-results\api-public-APIs-Públicas---f109a-rch---Búsqueda-de-productos-api-public-retry1\trace.zip
    Usage:

        npx playwright show-trace ..\..\test-results\api-public-APIs-Públicas---f109a-rch---Búsqueda-de-productos-api-public-retry1\trace.zip

    ────────────────────────────────────────────────────────────────────────────────────────────────
]]>
</failure>
<system-out>
<![CDATA[🧪 Testeando API de búsqueda...
📊 Status: 404
🧪 Testeando API de búsqueda...
📊 Status: 404

[[ATTACHMENT|..\test-results\api-public-APIs-Públicas---f109a-rch---Búsqueda-de-productos-api-public-retry1\trace.zip]]
]]>
</system-out>
</testcase>
<testcase name="APIs Públicas - Enfoque API-First › API /api/products/[id] - Detalle de producto" classname="api-public.spec.ts" time="0.338">
<system-out>
<![CDATA[🧪 Testeando API de detalle de producto...
⚠️ No hay productos para testear detalle
]]>
</system-out>
</testcase>
<testcase name="APIs Públicas - Enfoque API-First › API /api/cart - Gestión de carrito" classname="api-public.spec.ts" time="0.19">
<failure message="api-public.spec.ts:110:7 API /api/cart - Gestión de carrito" type="FAILURE">
<![CDATA[  [api-public] › api-public.spec.ts:110:7 › APIs Públicas - Enfoque API-First › API /api/cart - Gestión de carrito 

    Error: expect(received).toBe(expected) // Object.is equality

    Expected: 200
    Received: 401

      116 |     console.log(`📊 Status: ${getResponse.status()}`);
      117 |     
    > 118 |     expect(getResponse.status()).toBe(200);
          |                                  ^
      119 |     
      120 |     const cartData = await getResponse.json();
      121 |     console.log(`✅ Carrito obtenido: ${cartData.items?.length || 0} items`);
        at C:\Users\marti\Desktop\DESARROLLOSW\BOILERPLATTE E-COMMERCE\tests\e2e\api-public.spec.ts:118:34

    Retry #1 ───────────────────────────────────────────────────────────────────────────────────────

    Error: expect(received).toBe(expected) // Object.is equality

    Expected: 200
    Received: 401

      116 |     console.log(`📊 Status: ${getResponse.status()}`);
      117 |     
    > 118 |     expect(getResponse.status()).toBe(200);
          |                                  ^
      119 |     
      120 |     const cartData = await getResponse.json();
      121 |     console.log(`✅ Carrito obtenido: ${cartData.items?.length || 0} items`);
        at C:\Users\marti\Desktop\DESARROLLOSW\BOILERPLATTE E-COMMERCE\tests\e2e\api-public.spec.ts:118:34

    attachment #1: trace (application/zip) ─────────────────────────────────────────────────────────
    ..\..\test-results\api-public-APIs-Públicas---04c12-i-cart---Gestión-de-carrito-api-public-retry1\trace.zip
    Usage:

        npx playwright show-trace ..\..\test-results\api-public-APIs-Públicas---04c12-i-cart---Gestión-de-carrito-api-public-retry1\trace.zip

    ────────────────────────────────────────────────────────────────────────────────────────────────
]]>
</failure>
<system-out>
<![CDATA[🧪 Testeando API de carrito...
📊 Status: 401
🧪 Testeando API de carrito...
📊 Status: 401

[[ATTACHMENT|..\test-results\api-public-APIs-Públicas---04c12-i-cart---Gestión-de-carrito-api-public-retry1\trace.zip]]
]]>
</system-out>
</testcase>
<testcase name="APIs Públicas - Enfoque API-First › API /api/trending - Productos trending" classname="api-public.spec.ts" time="0.16">
<failure message="api-public.spec.ts:129:7 API /api/trending - Productos trending" type="FAILURE">
<![CDATA[  [api-public] › api-public.spec.ts:129:7 › APIs Públicas - Enfoque API-First › API /api/trending - Productos trending 

    Error: expect(received).toBe(expected) // Object.is equality

    Expected: 200
    Received: 404

      134 |     console.log(`📊 Status: ${response.status()}`);
      135 |     
    > 136 |     expect(response.status()).toBe(200);
          |                               ^
      137 |     
      138 |     const data = await response.json();
      139 |     console.log(`✅ Productos trending: ${data.trending?.length || 0}`);
        at C:\Users\marti\Desktop\DESARROLLOSW\BOILERPLATTE E-COMMERCE\tests\e2e\api-public.spec.ts:136:31

    Retry #1 ───────────────────────────────────────────────────────────────────────────────────────

    Error: expect(received).toBe(expected) // Object.is equality

    Expected: 200
    Received: 404

      134 |     console.log(`📊 Status: ${response.status()}`);
      135 |     
    > 136 |     expect(response.status()).toBe(200);
          |                               ^
      137 |     
      138 |     const data = await response.json();
      139 |     console.log(`✅ Productos trending: ${data.trending?.length || 0}`);
        at C:\Users\marti\Desktop\DESARROLLOSW\BOILERPLATTE E-COMMERCE\tests\e2e\api-public.spec.ts:136:31

    attachment #1: trace (application/zip) ─────────────────────────────────────────────────────────
    ..\..\test-results\api-public-APIs-Públicas---19a76-ending---Productos-trending-api-public-retry1\trace.zip
    Usage:

        npx playwright show-trace ..\..\test-results\api-public-APIs-Públicas---19a76-ending---Productos-trending-api-public-retry1\trace.zip

    ────────────────────────────────────────────────────────────────────────────────────────────────
]]>
</failure>
<system-out>
<![CDATA[🧪 Testeando API de productos trending...
📊 Status: 404
🧪 Testeando API de productos trending...
📊 Status: 404

[[ATTACHMENT|..\test-results\api-public-APIs-Públicas---19a76-ending---Productos-trending-api-public-retry1\trace.zip]]
]]>
</system-out>
</testcase>
<testcase name="APIs Públicas - Enfoque API-First › Flujo completo: Buscar → Seleccionar → Agregar al carrito" classname="api-public.spec.ts" time="0.18">
<failure message="api-public.spec.ts:145:7 Flujo completo: Buscar → Seleccionar → Agregar al carrito" type="FAILURE">
<![CDATA[  [api-public] › api-public.spec.ts:145:7 › APIs Públicas - Enfoque API-First › Flujo completo: Buscar → Seleccionar → Agregar al carrito 

    Error: expect(received).toBe(expected) // Object.is equality

    Expected: 200
    Received: 404

      148 |     // 1. Buscar productos
      149 |     const searchResponse = await request.get('/api/search?q=pintura');
    > 150 |     expect(searchResponse.status()).toBe(200);
          |                                     ^
      151 |     
      152 |     const searchData = await searchResponse.json();
      153 |     
        at C:\Users\marti\Desktop\DESARROLLOSW\BOILERPLATTE E-COMMERCE\tests\e2e\api-public.spec.ts:150:37

    Retry #1 ───────────────────────────────────────────────────────────────────────────────────────

    Error: expect(received).toBe(expected) // Object.is equality

    Expected: 200
    Received: 404

      148 |     // 1. Buscar productos
      149 |     const searchResponse = await request.get('/api/search?q=pintura');
    > 150 |     expect(searchResponse.status()).toBe(200);
          |                                     ^
      151 |     
      152 |     const searchData = await searchResponse.json();
      153 |     
        at C:\Users\marti\Desktop\DESARROLLOSW\BOILERPLATTE E-COMMERCE\tests\e2e\api-public.spec.ts:150:37

    attachment #1: trace (application/zip) ─────────────────────────────────────────────────────────
    ..\..\test-results\api-public-APIs-Públicas---ef051-cionar-→-Agregar-al-carrito-api-public-retry1\trace.zip
    Usage:

        npx playwright show-trace ..\..\test-results\api-public-APIs-Públicas---ef051-cionar-→-Agregar-al-carrito-api-public-retry1\trace.zip

    ────────────────────────────────────────────────────────────────────────────────────────────────
]]>
</failure>
<system-out>
<![CDATA[🧪 Testeando flujo completo de compra...
🧪 Testeando flujo completo de compra...

[[ATTACHMENT|..\test-results\api-public-APIs-Públicas---ef051-cionar-→-Agregar-al-carrito-api-public-retry1\trace.zip]]
]]>
</system-out>
</testcase>
<testcase name="APIs Públicas - Enfoque API-First › Verificar performance de APIs públicas" classname="api-public.spec.ts" time="1.252">
<failure message="api-public.spec.ts:189:7 Verificar performance de APIs públicas" type="FAILURE">
<![CDATA[  [api-public] › api-public.spec.ts:189:7 › APIs Públicas - Enfoque API-First › Verificar performance de APIs públicas 

    Error: expect(received).toBe(expected) // Object.is equality

    Expected: 200
    Received: 404

      204 |       console.log(`📊 ${api}: ${response.status()} - ${duration}ms`);
      205 |       
    > 206 |       expect(response.status()).toBe(200);
          |                                 ^
      207 |       expect(duration).toBeLessThan(5000); // Máximo 5 segundos
      208 |       
      209 |       if (duration > 1000) {
        at C:\Users\marti\Desktop\DESARROLLOSW\BOILERPLATTE E-COMMERCE\tests\e2e\api-public.spec.ts:206:33

    Retry #1 ───────────────────────────────────────────────────────────────────────────────────────

    Error: expect(received).toBe(expected) // Object.is equality

    Expected: 200
    Received: 404

      204 |       console.log(`📊 ${api}: ${response.status()} - ${duration}ms`);
      205 |       
    > 206 |       expect(response.status()).toBe(200);
          |                                 ^
      207 |       expect(duration).toBeLessThan(5000); // Máximo 5 segundos
      208 |       
      209 |       if (duration > 1000) {
        at C:\Users\marti\Desktop\DESARROLLOSW\BOILERPLATTE E-COMMERCE\tests\e2e\api-public.spec.ts:206:33

    attachment #1: trace (application/zip) ─────────────────────────────────────────────────────────
    ..\..\test-results\api-public-APIs-Públicas---85481-erformance-de-APIs-públicas-api-public-retry1\trace.zip
    Usage:

        npx playwright show-trace ..\..\test-results\api-public-APIs-Públicas---85481-erformance-de-APIs-públicas-api-public-retry1\trace.zip

    ────────────────────────────────────────────────────────────────────────────────────────────────
]]>
</failure>
<system-out>
<![CDATA[🧪 Testeando performance de APIs...
📊 /api/products: 200 - 243ms
📊 /api/categories: 200 - 273ms
📊 /api/trending: 404 - 41ms
🧪 Testeando performance de APIs...
📊 /api/products: 200 - 291ms
📊 /api/categories: 200 - 301ms
📊 /api/trending: 404 - 51ms

[[ATTACHMENT|..\test-results\api-public-APIs-Públicas---85481-erformance-de-APIs-públicas-api-public-retry1\trace.zip]]
]]>
</system-out>
</testcase>
<testcase name="APIs Públicas - Enfoque API-First › Verificar headers de respuesta" classname="api-public.spec.ts" time="0.248">
<system-out>
<![CDATA[🧪 Testeando headers de respuesta...
✅ Headers verificados
🔒 X-Frame-Options: DENY
🔒 X-Content-Type-Options: nosniff
]]>
</system-out>
</testcase>
</testsuite>
</testsuites>